🔧 Compression worker started
🔄 Background compression worker started
Welcome to Episodic! Type '/help' for commands or start chatting.
🔍 DEBUG: No active topic found for current head node
Warning: Input is not a terminal (fd=0).
> 






   /script scripts/test-topic-boundaries-brief.txt
🔧 Compression worker started
🔄 Background compression worker started
Welcome to Episodic! Type '/help' for commands or start chatting.
🔍 DEBUG: No active topic found for current head node
Warning: Input is not a terminal (fd=0).
> 






   > /script scripts/test-topic-boundaries-brief.txt

📜 Executing script: scripts/test-topic-boundaries-brief.txt
──────────────────────────────────────────────────

[2] > /init --erase
🗑️  Erasing existing database...
✅ Database erased and reinitialized

[3] > /set main.max_tokens 50
Set main.max_tokens to 50

[4] > /set main.temperature 0
Set main.temperature to 0

[7] > What are activation functions? Answer in one sentence.

🔍 DEBUG: Topic detection check
   Recent nodes count: 1
   Current topic: None
   Min messages before topic change: 4
   ⚠️  Not enough history for topic detection
[LLM API] Thread 8430968576: Call #1
[LLM API] Model: openai/gpt-3.5-turbo (stream=True)
[LLM API] Called from: /Users/mhcoen/proj/episodic/episodic/llm.py:321 in query_with_context()
[LLM API] Messages: 2 messages

🤖 DEBUG: Streaming modes - char: True, natural: False, constant: False
Activation functions are mathematical functions applied to the output of a 
neuron in a neural network to introduce non-linear properties and determine 
the neuron's output.

Tokens: 255 | Cost: $0.000403 USD | Context: 1% full
🔍 DEBUG: No current topic set, checking if we need to create first topic...
   DEBUG: No topics exist, checking if we should create first topic...
   DEBUG: user_node_id = 3e83a93c-05ed-4b42-bae3-15a39417f487
   DEBUG: user_node content = 'What are activation functions? Answer in one sente...'
   DEBUG: should_create_first_topic: 1 user messages, threshold: 3, returning: False
🔍 DEBUG: Skipping initial topic creation - not enough messages yet


[8] > Can you explain ReLU and why it's popular?

🔍 DEBUG: Topic detection check
   Recent nodes count: 3
   Current topic: None
   Min messages before topic change: 4

🔍 DEBUG: No current topic, only 1 total user messages (min: 4)
   Topic change detected: False
[LLM API] Thread 8430968576: Call #2
[LLM API] Model: openai/gpt-3.5-turbo (stream=True)
[LLM API] Called from: /Users/mhcoen/proj/episodic/episodic/llm.py:321 in query_with_context()
[LLM API] Messages: 4 messages

🤖 DEBUG: Streaming modes - char: True, natural: False, constant: False
Rectified Linear Unit (ReLU) is an activation function commonly used in 
neural networks because it is computationally efficient, helps alleviate the 
vanishing gradient problem, and is less prone to the issue of gradient 
saturation compared to other activation functions like sigmoid and tan

Tokens: 316 | Cost: $0.000511 USD | Context: 1% full
🔍 DEBUG: No current topic set, checking if we need to create first topic...
   DEBUG: No topics exist, checking if we should create first topic...
   DEBUG: user_node_id = ba019809-3594-471c-96b3-f47d3a36ab84
   DEBUG: user_node content = 'Can you explain ReLU and why it's popular?...'
   DEBUG: should_create_first_topic: 2 user messages, threshold: 3, returning: False
🔍 DEBUG: Skipping initial topic creation - not enough messages yet


[9] > What about the vanishing gradient problem?

🔍 DEBUG: Topic detection check
   Recent nodes count: 5
   Current topic: None
   Min messages before topic change: 4

🔍 DEBUG: No current topic, only 2 total user messages (min: 4)
   Topic change detected: False
[LLM API] Thread 8430968576: Call #3
[LLM API] Model: openai/gpt-3.5-turbo (stream=True)
[LLM API] Called from: /Users/mhcoen/proj/episodic/episodic/llm.py:321 in query_with_context()
[LLM API] Messages: 6 messages

🤖 DEBUG: Streaming modes - char: True, natural: False, constant: False
The vanishing gradient problem occurs during the training of deep neural 
networks when gradients become extremely small as they are backpropagated 
through the network, leading to very slow or halted learning in the early 
layers of the network.

Tokens: 368 | Cost: $0.000593 USD | Context: 1% full
🔍 DEBUG: No current topic set, checking if we need to create first topic...
   DEBUG: No topics exist, checking if we should create first topic...
   DEBUG: user_node_id = 8994fe36-4522-49a9-ad09-893bacd29942
   DEBUG: user_node content = 'What about the vanishing gradient problem?...'
   DEBUG: should_create_first_topic: 3 user messages, threshold: 3, returning: True
   Building segment from 7 nodes (max_length=2000)
   Skipping node with empty content (role=system)
   Final segment length: 898 chars

🔍 DEBUG: Topic extraction prompt:
   Model: ollama/llama3
   Prompt preview: Identify the main topic of this conversation. Reply with ONLY the topic name (1-3 words, lowercase, use hyphens for spaces).

Examples:
- Conversation about movies and directors → movies
- Discussion of quantum physics concepts → quantum-physics
- Debugging code and performance → programming
- Talki...
[LLM API] Thread 8430968576: Call #4
[LLM API] Model: ollama/llama3 (stream=False)
[LLM API] Called from: /Users/mhcoen/proj/episodic/episodic/llm.py:267 in query_llm()
[LLM API] Messages: 2 messages
[LLM API] Cost calculated: $0.000000
[LLM API] Thread 8430968576: Call #4 completed in 0.55s
[LLM API] Response length: 15 chars
---
   DEBUG: Raw topic extraction response: 'neural-networks'
   DEBUG: Final topic name: 'neural-networks'
Error: NOT NULL constraint failed: topics.end_node_id
Error querying LLM: NOT NULL constraint failed: topics.end_node_id
Traceback (most recent call last):
  File "/Users/mhcoen/proj/episodic/episodic/cli.py", line 75, in handle_chat_message
    assistant_node_id, display_response = _handle_chat_message_impl(
                                          ~~~~~~~~~~~~~~~~~~~~~~~~~^
        user_input,
        ^^^^^^^^^^^
    ...<2 lines>...
        context_depth=context_depth
        ^^^^^^^^^^^^^^^^^^^^^^^^^^^
    )
    ^
  File "/Users/mhcoen/proj/episodic/episodic/conversation.py", line 1341, in handle_chat_message
    result = conversation_manager.handle_chat_message(user_input, model, system_message, context_depth)
  File "/Users/mhcoen/proj/episodic/episodic/conversation.py", line 1283, in handle_chat_message
    store_topic(topic_name, first_user_node_id, None, 'initial')
    ~~~~~~~~~~~^^^^^^^^^^^^^^^^^^^^^^^^^^^^^^^^^^^^^^^^^^^^^^^^^
  File "/Users/mhcoen/proj/episodic/episodic/db.py", line 745, in store_topic
    c.execute("""
    ~~~~~~~~~^^^^
        INSERT INTO topics (name, start_node_id, end_node_id, confidence)
        ^^^^^^^^^^^^^^^^^^^^^^^^^^^^^^^^^^^^^^^^^^^^^^^^^^^^^^^^^^^^^^^^^
        VALUES (?, ?, ?, ?)
        ^^^^^^^^^^^^^^^^^^^
    """, (name, start_node_id, end_node_id, confidence))
    ^^^^^^^^^^^^^^^^^^^^^^^^^^^^^^^^^^^^^^^^^^^^^^^^^^^^
sqlite3.IntegrityError: NOT NULL constraint failed: topics.end_node_id

[12] > I'm thinking about Mars colonization. What are the main challenges?

🔍 DEBUG: Topic detection check
   Recent nodes count: 7
   Current topic: None
   Min messages before topic change: 4

🔍 DEBUG: No current topic, only 3 total user messages (min: 4)
   Topic change detected: False
[LLM API] Thread 8430968576: Call #5
[LLM API] Model: openai/gpt-3.5-turbo (stream=True)
[LLM API] Called from: /Users/mhcoen/proj/episodic/episodic/llm.py:321 in query_with_context()
[LLM API] Messages: 6 messages

🤖 DEBUG: Streaming modes - char: True, natural: False, constant: False
Some of the main challenges of Mars colonization include:
1. Atmosphere and Environment: Mars has a thin atmosphere composed mainly of 
carbon dioxide, lacking the necessary oxygen for humans to breathe. The 
harsh environment with extreme temperatures, high radiation levels,

Tokens: 393 | Cost: $0.000634 USD | Context: 2% full
🔍 DEBUG: No current topic set, checking if we need to create first topic...
   DEBUG: No topics exist, checking if we should create first topic...
   DEBUG: user_node_id = b302e7cc-df60-4671-a6fd-0bfefe5e21e4
   DEBUG: user_node content = 'I'm thinking about Mars colonization. What are the...'
   DEBUG: should_create_first_topic: 4 user messages, threshold: 3, returning: True
   Building segment from 9 nodes (max_length=2000)
   Skipping node with empty content (role=system)
   Final segment length: 1262 chars

🔍 DEBUG: Topic extraction prompt:
   Model: ollama/llama3
   Prompt preview: Identify the main topic of this conversation. Reply with ONLY the topic name (1-3 words, lowercase, use hyphens for spaces).

Examples:
- Conversation about movies and directors → movies
- Discussion of quantum physics concepts → quantum-physics
- Debugging code and performance → programming
- Talki...
[LLM API] Thread 8430968576: Call #6
[LLM API] Model: ollama/llama3 (stream=False)
[LLM API] Called from: /Users/mhcoen/proj/episodic/episodic/llm.py:267 in query_llm()
[LLM API] Messages: 2 messages
[LLM API] Cost calculated: $0.000000
[LLM API] Thread 8430968576: Call #6 completed in 0.29s
[LLM API] Response length: 17 chars
---
   DEBUG: Raw topic extraction response: 'mars-colonization'
   DEBUG: Final topic name: 'mars-colonization'
Error: NOT NULL constraint failed: topics.end_node_id
Error querying LLM: NOT NULL constraint failed: topics.end_node_id
Traceback (most recent call last):
  File "/Users/mhcoen/proj/episodic/episodic/cli.py", line 75, in handle_chat_message
    assistant_node_id, display_response = _handle_chat_message_impl(
                                          ~~~~~~~~~~~~~~~~~~~~~~~~~^
        user_input,
        ^^^^^^^^^^^
    ...<2 lines>...
        context_depth=context_depth
        ^^^^^^^^^^^^^^^^^^^^^^^^^^^
    )
    ^
  File "/Users/mhcoen/proj/episodic/episodic/conversation.py", line 1341, in handle_chat_message
    result = conversation_manager.handle_chat_message(user_input, model, system_message, context_depth)
  File "/Users/mhcoen/proj/episodic/episodic/conversation.py", line 1283, in handle_chat_message
    store_topic(topic_name, first_user_node_id, None, 'initial')
    ~~~~~~~~~~~^^^^^^^^^^^^^^^^^^^^^^^^^^^^^^^^^^^^^^^^^^^^^^^^^
  File "/Users/mhcoen/proj/episodic/episodic/db.py", line 745, in store_topic
    c.execute("""
    ~~~~~~~~~^^^^
        INSERT INTO topics (name, start_node_id, end_node_id, confidence)
        ^^^^^^^^^^^^^^^^^^^^^^^^^^^^^^^^^^^^^^^^^^^^^^^^^^^^^^^^^^^^^^^^^
        VALUES (?, ?, ?, ?)
        ^^^^^^^^^^^^^^^^^^^
    """, (name, start_node_id, end_node_id, confidence))
    ^^^^^^^^^^^^^^^^^^^^^^^^^^^^^^^^^^^^^^^^^^^^^^^^^^^^
sqlite3.IntegrityError: NOT NULL constraint failed: topics.end_node_id

[13] > What about radiation exposure on Mars?

🔍 DEBUG: Topic detection check
   Recent nodes count: 9
   Current topic: None
   Min messages before topic change: 4
   Context preview: - User: I'm thinking about Mars colonization. What are the main challenges?
- User: What about the vanishing gradient problem?
- User: Can you explain ReLU and why it's popular?
- User: What are activ...
   Prompt length: 1452 chars
   Full prompt:
You are a topic-shift detection assistant.
You will receive the last n user messages and the current user message.
Your task: deduce whether the current message starts a new topic.

Preceding context:
- User: I'm thinking about Mars colonization. What are the main challenges?
- User: What about the vanishing gradient problem?
- User: Can you explain ReLU and why it's popular?
- User: What are activation functions? Answer in one sentence.

New message:
What about radiation exposure on Mars?

Step 1. Classify intent as exactly one of:
- JUST_COMMENT: Brief acknowledgment, reaction, or filler that doesn't advance conversation
- DEVELOP_TOPIC: Continuing or expanding on the current topic
- INTRODUCE_TOPIC: Starting a conversation or first substantial message
- CHANGE_TOPIC: Shifting to a completely different subject

Step 2. Determine if this is a topic shift:
- INTRODUCE_TOPIC → YES (starting fresh)
- CHANGE_TOPIC → YES (new subject)
- DEVELOP_TOPIC → NO (same topic)
- JUST_COMMENT → NO (not substantial)

Examples:
- "Tell me more" → DEVELOP_TOPIC → NO
- "What about its moons?" (after Mars discussion) → DEVELOP_TOPIC → NO
- "How do I cook pasta?" (after Mars discussion) → CHANGE_TOPIC → YES
- "Thanks!" → JUST_COMMENT → NO
- "What is Python?" (first message) → INTRODUCE_TOPIC → YES

Respond with ONLY a JSON object in this exact format:
{
  "intent": "<JUST_COMMENT|DEVELOP_TOPIC|INTRODUCE_TOPIC|CHANGE_TOPIC>",
  "shift": "<YES|NO>"
}
   ---End prompt---

🔍 DEBUG: Topic change detection
   Model: ollama/llama3
   Recent messages: 9
   New message preview: What about radiation exposure on Mars?...
   Topic params being used: {'temperature': 0.0, 'max_tokens': 50, 'top_p': 0.9, 'stop': []}
[LLM API] Thread 8430968576: Call #7
[LLM API] Model: ollama/llama3 (stream=False)
[LLM API] Called from: /Users/mhcoen/proj/episodic/episodic/llm.py:267 in query_llm()
[LLM API] Messages: 2 messages
[LLM API] Cost calculated: $0.000000
[LLM API] Thread 8430968576: Call #7 completed in 0.83s
[LLM API] Response length: 48 chars
---
   LLM response: {
  "intent": "DEVELOP_TOPIC",
  "shift": "NO"
}
   Response type: <class 'str'>
   Response length: 48
   Parsed intent-based JSON: intent=DEVELOP_TOPIC, shift=NO
   ➡️ Continuing same topic (intent: DEVELOP_TOPIC)
   Topic change detected: False
[LLM API] Thread 8430968576: Call #8
[LLM API] Model: openai/gpt-3.5-turbo (stream=True)
[LLM API] Called from: /Users/mhcoen/proj/episodic/episodic/llm.py:321 in query_with_context()
[LLM API] Messages: 6 messages

🤖 DEBUG: Streaming modes - char: True, natural: False, constant: False
Radiation exposure on Mars is a significant concern for human missions and 
potential colonization. Mars lacks a thick atmosphere and a strong magnetic 
field like Earth, which means that the surface of Mars is exposed to higher 
levels of cosmic and solar radiation. This increased radiation

Tokens: 389 | Cost: $0.000627 USD | Context: 2% full
🔍 DEBUG: No current topic set, checking if we need to create first topic...
   DEBUG: No topics exist, checking if we should create first topic...
   DEBUG: user_node_id = f5b9366c-36cf-4fd1-91b5-30e38f40270d
   DEBUG: user_node content = 'What about radiation exposure on Mars?...'
   DEBUG: should_create_first_topic: 5 user messages, threshold: 3, returning: True
   Building segment from 11 nodes (max_length=2000)
   Skipping node with empty content (role=system)
   Final segment length: 1608 chars

🔍 DEBUG: Topic extraction prompt:
   Model: ollama/llama3
   Prompt preview: Identify the main topic of this conversation. Reply with ONLY the topic name (1-3 words, lowercase, use hyphens for spaces).

Examples:
- Conversation about movies and directors → movies
- Discussion of quantum physics concepts → quantum-physics
- Debugging code and performance → programming
- Talki...
[LLM API] Thread 8430968576: Call #9
[LLM API] Model: ollama/llama3 (stream=False)
[LLM API] Called from: /Users/mhcoen/proj/episodic/episodic/llm.py:267 in query_llm()
[LLM API] Messages: 2 messages
[LLM API] Cost calculated: $0.000000
[LLM API] Thread 8430968576: Call #9 completed in 0.27s
[LLM API] Response length: 15 chars
---
   DEBUG: Raw topic extraction response: 'neural-networks'
   DEBUG: Final topic name: 'neural-networks'
Error: NOT NULL constraint failed: topics.end_node_id
Error querying LLM: NOT NULL constraint failed: topics.end_node_id
Traceback (most recent call last):
  File "/Users/mhcoen/proj/episodic/episodic/cli.py", line 75, in handle_chat_message
    assistant_node_id, display_response = _handle_chat_message_impl(
                                          ~~~~~~~~~~~~~~~~~~~~~~~~~^
        user_input,
        ^^^^^^^^^^^
    ...<2 lines>...
        context_depth=context_depth
        ^^^^^^^^^^^^^^^^^^^^^^^^^^^
    )
    ^
  File "/Users/mhcoen/proj/episodic/episodic/conversation.py", line 1341, in handle_chat_message
    result = conversation_manager.handle_chat_message(user_input, model, system_message, context_depth)
  File "/Users/mhcoen/proj/episodic/episodic/conversation.py", line 1283, in handle_chat_message
    store_topic(topic_name, first_user_node_id, None, 'initial')
    ~~~~~~~~~~~^^^^^^^^^^^^^^^^^^^^^^^^^^^^^^^^^^^^^^^^^^^^^^^^^
  File "/Users/mhcoen/proj/episodic/episodic/db.py", line 745, in store_topic
    c.execute("""
    ~~~~~~~~~^^^^
        INSERT INTO topics (name, start_node_id, end_node_id, confidence)
        ^^^^^^^^^^^^^^^^^^^^^^^^^^^^^^^^^^^^^^^^^^^^^^^^^^^^^^^^^^^^^^^^^
        VALUES (?, ?, ?, ?)
        ^^^^^^^^^^^^^^^^^^^
    """, (name, start_node_id, end_node_id, confidence))
    ^^^^^^^^^^^^^^^^^^^^^^^^^^^^^^^^^^^^^^^^^^^^^^^^^^^^
sqlite3.IntegrityError: NOT NULL constraint failed: topics.end_node_id

[14] > How would we produce water on Mars?

🔍 DEBUG: Topic detection check
   Recent nodes count: 10
   Current topic: None
   Min messages before topic change: 4
   Context preview: - User: What about radiation exposure on Mars?
- User: I'm thinking about Mars colonization. What are the main challenges?
- User: What about the vanishing gradient problem?
- User: Can you explain Re...
   Prompt length: 1496 chars
   Full prompt:
You are a topic-shift detection assistant.
You will receive the last n user messages and the current user message.
Your task: deduce whether the current message starts a new topic.

Preceding context:
- User: What about radiation exposure on Mars?
- User: I'm thinking about Mars colonization. What are the main challenges?
- User: What about the vanishing gradient problem?
- User: Can you explain ReLU and why it's popular?
- User: What are activation functions? Answer in one sentence.

New message:
How would we produce water on Mars?

Step 1. Classify intent as exactly one of:
- JUST_COMMENT: Brief acknowledgment, reaction, or filler that doesn't advance conversation
- DEVELOP_TOPIC: Continuing or expanding on the current topic
- INTRODUCE_TOPIC: Starting a conversation or first substantial message
- CHANGE_TOPIC: Shifting to a completely different subject

Step 2. Determine if this is a topic shift:
- INTRODUCE_TOPIC → YES (starting fresh)
- CHANGE_TOPIC → YES (new subject)
- DEVELOP_TOPIC → NO (same topic)
- JUST_COMMENT → NO (not substantial)

Examples:
- "Tell me more" → DEVELOP_TOPIC → NO
- "What about its moons?" (after Mars discussion) → DEVELOP_TOPIC → NO
- "How do I cook pasta?" (after Mars discussion) → CHANGE_TOPIC → YES
- "Thanks!" → JUST_COMMENT → NO
- "What is Python?" (first message) → INTRODUCE_TOPIC → YES

Respond with ONLY a JSON object in this exact format:
{
  "intent": "<JUST_COMMENT|DEVELOP_TOPIC|INTRODUCE_TOPIC|CHANGE_TOPIC>",
  "shift": "<YES|NO>"
}
   ---End prompt---

🔍 DEBUG: Topic change detection
   Model: ollama/llama3
   Recent messages: 10
   New message preview: How would we produce water on Mars?...
   Topic params being used: {'temperature': 0.0, 'max_tokens': 50, 'top_p': 0.9, 'stop': []}
[LLM API] Thread 8430968576: Call #10
[LLM API] Model: ollama/llama3 (stream=False)
[LLM API] Called from: /Users/mhcoen/proj/episodic/episodic/llm.py:267 in query_llm()
[LLM API] Messages: 2 messages
[LLM API] Cost calculated: $0.000000
[LLM API] Thread 8430968576: Call #10 completed in 0.88s
[LLM API] Response length: 48 chars
---
   LLM response: {
  "intent": "DEVELOP_TOPIC",
  "shift": "NO"
}
   Response type: <class 'str'>
   Response length: 48
   Parsed intent-based JSON: intent=DEVELOP_TOPIC, shift=NO
   ➡️ Continuing same topic (intent: DEVELOP_TOPIC)
   Topic change detected: False
[LLM API] Thread 8430968576: Call #11
[LLM API] Model: openai/gpt-3.5-turbo (stream=True)
[LLM API] Called from: /Users/mhcoen/proj/episodic/episodic/llm.py:321 in query_with_context()
[LLM API] Messages: 6 messages

🤖 DEBUG: Streaming modes - char: True, natural: False, constant: False
Producing water on Mars is crucial for sustaining human life. There are a 
few potential methods to obtain water on Mars:
1. In Situ Water Resources: One approach is to extract water from local 
resources on Mars, such as subsurface ice

Tokens: 395 | Cost: $0.000635 USD | Context: 2% full
🔍 DEBUG: No current topic set, checking if we need to create first topic...
   DEBUG: No topics exist, checking if we should create first topic...
   DEBUG: user_node_id = 824b5bb0-1065-49ac-8e47-4df174cd105d
   DEBUG: user_node content = 'How would we produce water on Mars?...'
   DEBUG: should_create_first_topic: 6 user messages, threshold: 3, returning: True
   Building segment from 13 nodes (max_length=2000)
   Skipping node with empty content (role=system)
   Final segment length: 1900 chars

🔍 DEBUG: Topic extraction prompt:
   Model: ollama/llama3
   Prompt preview: Identify the main topic of this conversation. Reply with ONLY the topic name (1-3 words, lowercase, use hyphens for spaces).

Examples:
- Conversation about movies and directors → movies
- Discussion of quantum physics concepts → quantum-physics
- Debugging code and performance → programming
- Talki...
[LLM API] Thread 8430968576: Call #12
[LLM API] Model: ollama/llama3 (stream=False)
[LLM API] Called from: /Users/mhcoen/proj/episodic/episodic/llm.py:267 in query_llm()
[LLM API] Messages: 2 messages
[LLM API] Cost calculated: $0.000000
[LLM API] Thread 8430968576: Call #12 completed in 0.44s
[LLM API] Response length: 17 chars
---
   DEBUG: Raw topic extraction response: 'mars-colonization'
   DEBUG: Final topic name: 'mars-colonization'
Error: NOT NULL constraint failed: topics.end_node_id
Error querying LLM: NOT NULL constraint failed: topics.end_node_id
Traceback (most recent call last):
  File "/Users/mhcoen/proj/episodic/episodic/cli.py", line 75, in handle_chat_message
    assistant_node_id, display_response = _handle_chat_message_impl(
                                          ~~~~~~~~~~~~~~~~~~~~~~~~~^
        user_input,
        ^^^^^^^^^^^
    ...<2 lines>...
        context_depth=context_depth
        ^^^^^^^^^^^^^^^^^^^^^^^^^^^
    )
    ^
  File "/Users/mhcoen/proj/episodic/episodic/conversation.py", line 1341, in handle_chat_message
    result = conversation_manager.handle_chat_message(user_input, model, system_message, context_depth)
  File "/Users/mhcoen/proj/episodic/episodic/conversation.py", line 1283, in handle_chat_message
    store_topic(topic_name, first_user_node_id, None, 'initial')
    ~~~~~~~~~~~^^^^^^^^^^^^^^^^^^^^^^^^^^^^^^^^^^^^^^^^^^^^^^^^^
  File "/Users/mhcoen/proj/episodic/episodic/db.py", line 745, in store_topic
    c.execute("""
    ~~~~~~~~~^^^^
        INSERT INTO topics (name, start_node_id, end_node_id, confidence)
        ^^^^^^^^^^^^^^^^^^^^^^^^^^^^^^^^^^^^^^^^^^^^^^^^^^^^^^^^^^^^^^^^^
        VALUES (?, ?, ?, ?)
        ^^^^^^^^^^^^^^^^^^^
    """, (name, start_node_id, end_node_id, confidence))
    ^^^^^^^^^^^^^^^^^^^^^^^^^^^^^^^^^^^^^^^^^^^^^^^^^^^^
sqlite3.IntegrityError: NOT NULL constraint failed: topics.end_node_id

[17] > I want to learn French cooking. Where should I start?

🔍 DEBUG: Topic detection check
   Recent nodes count: 10
   Current topic: None
   Min messages before topic change: 4
   Context preview: - User: How would we produce water on Mars?
- User: What about radiation exposure on Mars?
- User: I'm thinking about Mars colonization. What are the main challenges?
- User: What about the vanishing ...
   Prompt length: 1495 chars
   Full prompt:
You are a topic-shift detection assistant.
You will receive the last n user messages and the current user message.
Your task: deduce whether the current message starts a new topic.

Preceding context:
- User: How would we produce water on Mars?
- User: What about radiation exposure on Mars?
- User: I'm thinking about Mars colonization. What are the main challenges?
- User: What about the vanishing gradient problem?
- User: Can you explain ReLU and why it's popular?

New message:
I want to learn French cooking. Where should I start?

Step 1. Classify intent as exactly one of:
- JUST_COMMENT: Brief acknowledgment, reaction, or filler that doesn't advance conversation
- DEVELOP_TOPIC: Continuing or expanding on the current topic
- INTRODUCE_TOPIC: Starting a conversation or first substantial message
- CHANGE_TOPIC: Shifting to a completely different subject

Step 2. Determine if this is a topic shift:
- INTRODUCE_TOPIC → YES (starting fresh)
- CHANGE_TOPIC → YES (new subject)
- DEVELOP_TOPIC → NO (same topic)
- JUST_COMMENT → NO (not substantial)

Examples:
- "Tell me more" → DEVELOP_TOPIC → NO
- "What about its moons?" (after Mars discussion) → DEVELOP_TOPIC → NO
- "How do I cook pasta?" (after Mars discussion) → CHANGE_TOPIC → YES
- "Thanks!" → JUST_COMMENT → NO
- "What is Python?" (first message) → INTRODUCE_TOPIC → YES

Respond with ONLY a JSON object in this exact format:
{
  "intent": "<JUST_COMMENT|DEVELOP_TOPIC|INTRODUCE_TOPIC|CHANGE_TOPIC>",
  "shift": "<YES|NO>"
}
   ---End prompt---

🔍 DEBUG: Topic change detection
   Model: ollama/llama3
   Recent messages: 10
   New message preview: I want to learn French cooking. Where should I start?...
   Topic params being used: {'temperature': 0.0, 'max_tokens': 50, 'top_p': 0.9, 'stop': []}
[LLM API] Thread 8430968576: Call #13
[LLM API] Model: ollama/llama3 (stream=False)
[LLM API] Called from: /Users/mhcoen/proj/episodic/episodic/llm.py:267 in query_llm()
[LLM API] Messages: 2 messages
[LLM API] Cost calculated: $0.000000
[LLM API] Thread 8430968576: Call #13 completed in 0.86s
[LLM API] Response length: 47 chars
---
   LLM response: {
"intent": "INTRODUCE_TOPIC",
"shift": "YES"
}
   Response type: <class 'str'>
   Response length: 47
   Parsed intent-based JSON: intent=INTRODUCE_TOPIC, shift=YES
   ✅ Topic change detected (intent: INTRODUCE_TOPIC)
   Topic change detected: True
   New topic: None
[LLM API] Thread 8430968576: Call #14
[LLM API] Model: openai/gpt-3.5-turbo (stream=True)
[LLM API] Called from: /Users/mhcoen/proj/episodic/episodic/llm.py:321 in query_with_context()
[LLM API] Messages: 6 messages

🔍 DEBUG: Topic change detected
   New topic: None
   Detection cost: $0.000000

🤖 DEBUG: Streaming modes - char: True, natural: False, constant: False
To start learning French cooking, here are some steps you can take:

1. Research French Cuisine: Familiarize yourself with the basics of French 
cuisine, including common ingredients, techniques, and dishes.

2. Get the Right Tools: Invest

Tokens: 394 | Cost: $0.000635 USD | Context: 2% full
   Building segment from 13 nodes (max_length=2000)
   Skipping node with empty content (role=system)
   Final segment length: 1900 chars

🔍 DEBUG: Creating topic for initial conversation:
   From node 02 to 8dcb4652-b30f-402a-bb23-8b689e67ac15
   Conversation preview: user: What are activation functions? Answer in one sentence.
assistant: Activation functions are mathematical functions applied to the output of a neuron in a neural network to introduce non-linear pr...

🔍 DEBUG: Topic extraction prompt:
   Model: ollama/llama3
   Prompt preview: Identify the main topic of this conversation. Reply with ONLY the topic name (1-3 words, lowercase, use hyphens for spaces).

Examples:
- Conversation about movies and directors → movies
- Discussion of quantum physics concepts → quantum-physics
- Debugging code and performance → programming
- Talki...
[LLM API] Thread 8430968576: Call #15
[LLM API] Model: ollama/llama3 (stream=False)
[LLM API] Called from: /Users/mhcoen/proj/episodic/episodic/llm.py:267 in query_llm()
[LLM API] Messages: 2 messages
[LLM API] Cost calculated: $0.000000
[LLM API] Thread 8430968576: Call #15 completed in 0.15s
[LLM API] Response length: 17 chars
---
   DEBUG: Raw topic extraction response: 'mars-colonization'
   DEBUG: Final topic name: 'mars-colonization'
Error: NOT NULL constraint failed: topics.end_node_id
Error querying LLM: NOT NULL constraint failed: topics.end_node_id
Traceback (most recent call last):
  File "/Users/mhcoen/proj/episodic/episodic/cli.py", line 75, in handle_chat_message
    assistant_node_id, display_response = _handle_chat_message_impl(
                                          ~~~~~~~~~~~~~~~~~~~~~~~~~^
        user_input,
        ^^^^^^^^^^^
    ...<2 lines>...
        context_depth=context_depth
        ^^^^^^^^^^^^^^^^^^^^^^^^^^^
    )
    ^
  File "/Users/mhcoen/proj/episodic/episodic/conversation.py", line 1341, in handle_chat_message
    result = conversation_manager.handle_chat_message(user_input, model, system_message, context_depth)
  File "/Users/mhcoen/proj/episodic/episodic/conversation.py", line 1154, in handle_chat_message
    store_topic(topic_name, first_user_node_id, None, 'initial')
    ~~~~~~~~~~~^^^^^^^^^^^^^^^^^^^^^^^^^^^^^^^^^^^^^^^^^^^^^^^^^
  File "/Users/mhcoen/proj/episodic/episodic/db.py", line 745, in store_topic
    c.execute("""
    ~~~~~~~~~^^^^
        INSERT INTO topics (name, start_node_id, end_node_id, confidence)
        ^^^^^^^^^^^^^^^^^^^^^^^^^^^^^^^^^^^^^^^^^^^^^^^^^^^^^^^^^^^^^^^^^
        VALUES (?, ?, ?, ?)
        ^^^^^^^^^^^^^^^^^^^
    """, (name, start_node_id, end_node_id, confidence))
    ^^^^^^^^^^^^^^^^^^^^^^^^^^^^^^^^^^^^^^^^^^^^^^^^^^^^
sqlite3.IntegrityError: NOT NULL constraint failed: topics.end_node_id

[18] > What are the five mother sauces?

🔍 DEBUG: Topic detection check
   Recent nodes count: 10
   Current topic: None
   Min messages before topic change: 4
   Context preview: - User: I want to learn French cooking. Where should I start?
- User: How would we produce water on Mars?
- User: What about radiation exposure on Mars?
- User: I'm thinking about Mars colonization. W...
   Prompt length: 1485 chars
   Full prompt:
You are a topic-shift detection assistant.
You will receive the last n user messages and the current user message.
Your task: deduce whether the current message starts a new topic.

Preceding context:
- User: I want to learn French cooking. Where should I start?
- User: How would we produce water on Mars?
- User: What about radiation exposure on Mars?
- User: I'm thinking about Mars colonization. What are the main challenges?
- User: What about the vanishing gradient problem?

New message:
What are the five mother sauces?

Step 1. Classify intent as exactly one of:
- JUST_COMMENT: Brief acknowledgment, reaction, or filler that doesn't advance conversation
- DEVELOP_TOPIC: Continuing or expanding on the current topic
- INTRODUCE_TOPIC: Starting a conversation or first substantial message
- CHANGE_TOPIC: Shifting to a completely different subject

Step 2. Determine if this is a topic shift:
- INTRODUCE_TOPIC → YES (starting fresh)
- CHANGE_TOPIC → YES (new subject)
- DEVELOP_TOPIC → NO (same topic)
- JUST_COMMENT → NO (not substantial)

Examples:
- "Tell me more" → DEVELOP_TOPIC → NO
- "What about its moons?" (after Mars discussion) → DEVELOP_TOPIC → NO
- "How do I cook pasta?" (after Mars discussion) → CHANGE_TOPIC → YES
- "Thanks!" → JUST_COMMENT → NO
- "What is Python?" (first message) → INTRODUCE_TOPIC → YES

Respond with ONLY a JSON object in this exact format:
{
  "intent": "<JUST_COMMENT|DEVELOP_TOPIC|INTRODUCE_TOPIC|CHANGE_TOPIC>",
  "shift": "<YES|NO>"
}
   ---End prompt---

🔍 DEBUG: Topic change detection
   Model: ollama/llama3
   Recent messages: 10
   New message preview: What are the five mother sauces?...
   Topic params being used: {'temperature': 0.0, 'max_tokens': 50, 'top_p': 0.9, 'stop': []}
[LLM API] Thread 8430968576: Call #16
[LLM API] Model: ollama/llama3 (stream=False)
[LLM API] Called from: /Users/mhcoen/proj/episodic/episodic/llm.py:267 in query_llm()
[LLM API] Messages: 2 messages
[LLM API] Cost calculated: $0.000000
[LLM API] Thread 8430968576: Call #16 completed in 0.93s
[LLM API] Response length: 51 chars
---
   LLM response: {
  "intent": "INTRODUCE_TOPIC",
  "shift": "YES"
}
   Response type: <class 'str'>
   Response length: 51
   Parsed intent-based JSON: intent=INTRODUCE_TOPIC, shift=YES
   ✅ Topic change detected (intent: INTRODUCE_TOPIC)
   Topic change detected: True
   New topic: None
[LLM API] Thread 8430968576: Call #17
[LLM API] Model: openai/gpt-3.5-turbo (stream=True)
[LLM API] Called from: /Users/mhcoen/proj/episodic/episodic/llm.py:321 in query_with_context()
[LLM API] Messages: 6 messages

🔍 DEBUG: Topic change detected
   New topic: None
   Detection cost: $0.000000

🤖 DEBUG: Streaming modes - char: True, natural: False, constant: False
The five mother sauces in classical French cuisine are:

1. Béchamel: A white sauce made from a roux (butter and flour) and milk.
2. Velouté: A light stock-based sauce thickened with a rou

Tokens: 394 | Cost: $0.000637 USD | Context: 2% full
   Building segment from 15 nodes (max_length=2000)
   Skipping node with empty content (role=system)
   Stopping - would exceed max_length
   Final segment length: 1960 chars

🔍 DEBUG: Creating topic for initial conversation:
   From node 02 to ef121255-548a-429c-9071-0613aeec5a19
   Conversation preview: user: What are activation functions? Answer in one sentence.
assistant: Activation functions are mathematical functions applied to the output of a neuron in a neural network to introduce non-linear pr...

🔍 DEBUG: Topic extraction prompt:
   Model: ollama/llama3
   Prompt preview: Identify the main topic of this conversation. Reply with ONLY the topic name (1-3 words, lowercase, use hyphens for spaces).

Examples:
- Conversation about movies and directors → movies
- Discussion of quantum physics concepts → quantum-physics
- Debugging code and performance → programming
- Talki...
[LLM API] Thread 8430968576: Call #18
[LLM API] Model: ollama/llama3 (stream=False)
[LLM API] Called from: /Users/mhcoen/proj/episodic/episodic/llm.py:267 in query_llm()
[LLM API] Messages: 2 messages
[LLM API] Cost calculated: $0.000000
[LLM API] Thread 8430968576: Call #18 completed in 0.20s
[LLM API] Response length: 14 chars
---
   DEBUG: Raw topic extraction response: 'french-cooking'
   DEBUG: Final topic name: 'french-cooking'
Error: NOT NULL constraint failed: topics.end_node_id
Error querying LLM: NOT NULL constraint failed: topics.end_node_id
Traceback (most recent call last):
  File "/Users/mhcoen/proj/episodic/episodic/cli.py", line 75, in handle_chat_message
    assistant_node_id, display_response = _handle_chat_message_impl(
                                          ~~~~~~~~~~~~~~~~~~~~~~~~~^
        user_input,
        ^^^^^^^^^^^
    ...<2 lines>...
        context_depth=context_depth
        ^^^^^^^^^^^^^^^^^^^^^^^^^^^
    )
    ^
  File "/Users/mhcoen/proj/episodic/episodic/conversation.py", line 1341, in handle_chat_message
    result = conversation_manager.handle_chat_message(user_input, model, system_message, context_depth)
  File "/Users/mhcoen/proj/episodic/episodic/conversation.py", line 1154, in handle_chat_message
    store_topic(topic_name, first_user_node_id, None, 'initial')
    ~~~~~~~~~~~^^^^^^^^^^^^^^^^^^^^^^^^^^^^^^^^^^^^^^^^^^^^^^^^^
  File "/Users/mhcoen/proj/episodic/episodic/db.py", line 745, in store_topic
    c.execute("""
    ~~~~~~~~~^^^^
        INSERT INTO topics (name, start_node_id, end_node_id, confidence)
        ^^^^^^^^^^^^^^^^^^^^^^^^^^^^^^^^^^^^^^^^^^^^^^^^^^^^^^^^^^^^^^^^^
        VALUES (?, ?, ?, ?)
        ^^^^^^^^^^^^^^^^^^^
    """, (name, start_node_id, end_node_id, confidence))
    ^^^^^^^^^^^^^^^^^^^^^^^^^^^^^^^^^^^^^^^^^^^^^^^^^^^^
sqlite3.IntegrityError: NOT NULL constraint failed: topics.end_node_id

[19] > Can you explain how to make a béchamel sauce?

🔍 DEBUG: Topic detection check
   Recent nodes count: 10
   Current topic: None
   Min messages before topic change: 4
   Context preview: - User: What are the five mother sauces?
- User: I want to learn French cooking. Where should I start?
- User: How would we produce water on Mars?
- User: What about radiation exposure on Mars?
- User...
   Prompt length: 1488 chars
   Full prompt:
You are a topic-shift detection assistant.
You will receive the last n user messages and the current user message.
Your task: deduce whether the current message starts a new topic.

Preceding context:
- User: What are the five mother sauces?
- User: I want to learn French cooking. Where should I start?
- User: How would we produce water on Mars?
- User: What about radiation exposure on Mars?
- User: I'm thinking about Mars colonization. What are the main challenges?

New message:
Can you explain how to make a béchamel sauce?

Step 1. Classify intent as exactly one of:
- JUST_COMMENT: Brief acknowledgment, reaction, or filler that doesn't advance conversation
- DEVELOP_TOPIC: Continuing or expanding on the current topic
- INTRODUCE_TOPIC: Starting a conversation or first substantial message
- CHANGE_TOPIC: Shifting to a completely different subject

Step 2. Determine if this is a topic shift:
- INTRODUCE_TOPIC → YES (starting fresh)
- CHANGE_TOPIC → YES (new subject)
- DEVELOP_TOPIC → NO (same topic)
- JUST_COMMENT → NO (not substantial)

Examples:
- "Tell me more" → DEVELOP_TOPIC → NO
- "What about its moons?" (after Mars discussion) → DEVELOP_TOPIC → NO
- "How do I cook pasta?" (after Mars discussion) → CHANGE_TOPIC → YES
- "Thanks!" → JUST_COMMENT → NO
- "What is Python?" (first message) → INTRODUCE_TOPIC → YES

Respond with ONLY a JSON object in this exact format:
{
  "intent": "<JUST_COMMENT|DEVELOP_TOPIC|INTRODUCE_TOPIC|CHANGE_TOPIC>",
  "shift": "<YES|NO>"
}
   ---End prompt---

🔍 DEBUG: Topic change detection
   Model: ollama/llama3
   Recent messages: 10
   New message preview: Can you explain how to make a béchamel sauce?...
   Topic params being used: {'temperature': 0.0, 'max_tokens': 50, 'top_p': 0.9, 'stop': []}
[LLM API] Thread 8430968576: Call #19
[LLM API] Model: ollama/llama3 (stream=False)
[LLM API] Called from: /Users/mhcoen/proj/episodic/episodic/llm.py:267 in query_llm()
[LLM API] Messages: 2 messages
[LLM API] Cost calculated: $0.000000
[LLM API] Thread 8430968576: Call #19 completed in 0.91s
[LLM API] Response length: 48 chars
---
   LLM response: {
  "intent": "DEVELOP_TOPIC",
  "shift": "NO"
}
   Response type: <class 'str'>
   Response length: 48
   Parsed intent-based JSON: intent=DEVELOP_TOPIC, shift=NO
   ➡️ Continuing same topic (intent: DEVELOP_TOPIC)
   Topic change detected: False
[LLM API] Thread 8430968576: Call #20
[LLM API] Model: openai/gpt-3.5-turbo (stream=True)
[LLM API] Called from: /Users/mhcoen/proj/episodic/episodic/llm.py:321 in query_with_context()
[LLM API] Messages: 6 messages

🤖 DEBUG: Streaming modes - char: True, natural: False, constant: False
To make a béchamel sauce, follow these steps:

Ingredients:
- 2 tablespoons of butter
- 2 tablespoons of all-purpose flour
- 1 cup of milk
- Salt, pepper, and nutmeg to taste

Instructions:


Tokens: 398 | Cost: $0.000643 USD | Context: 2% full
🔍 DEBUG: No current topic set, checking if we need to create first topic...
   DEBUG: No topics exist, checking if we should create first topic...
   DEBUG: user_node_id = 3e28f042-ead8-4e4a-8214-31aa38be62e5
   DEBUG: user_node content = 'Can you explain how to make a béchamel sauce?...'
   DEBUG: should_create_first_topic: 9 user messages, threshold: 3, returning: True
   Building segment from 19 nodes (max_length=2000)
   Skipping node with empty content (role=system)
   Stopping - would exceed max_length
   Final segment length: 1960 chars

🔍 DEBUG: Topic extraction prompt:
   Model: ollama/llama3
   Prompt preview: Identify the main topic of this conversation. Reply with ONLY the topic name (1-3 words, lowercase, use hyphens for spaces).

Examples:
- Conversation about movies and directors → movies
- Discussion of quantum physics concepts → quantum-physics
- Debugging code and performance → programming
- Talki...
[LLM API] Thread 8430968576: Call #21
[LLM API] Model: ollama/llama3 (stream=False)
[LLM API] Called from: /Users/mhcoen/proj/episodic/episodic/llm.py:267 in query_llm()
[LLM API] Messages: 2 messages
[LLM API] Cost calculated: $0.000000
[LLM API] Thread 8430968576: Call #21 completed in 0.17s
[LLM API] Response length: 14 chars
---
   DEBUG: Raw topic extraction response: 'french-cooking'
   DEBUG: Final topic name: 'french-cooking'
Error: NOT NULL constraint failed: topics.end_node_id
Error querying LLM: NOT NULL constraint failed: topics.end_node_id
Traceback (most recent call last):
  File "/Users/mhcoen/proj/episodic/episodic/cli.py", line 75, in handle_chat_message
    assistant_node_id, display_response = _handle_chat_message_impl(
                                          ~~~~~~~~~~~~~~~~~~~~~~~~~^
        user_input,
        ^^^^^^^^^^^
    ...<2 lines>...
        context_depth=context_depth
        ^^^^^^^^^^^^^^^^^^^^^^^^^^^
    )
    ^
  File "/Users/mhcoen/proj/episodic/episodic/conversation.py", line 1341, in handle_chat_message
    result = conversation_manager.handle_chat_message(user_input, model, system_message, context_depth)
  File "/Users/mhcoen/proj/episodic/episodic/conversation.py", line 1283, in handle_chat_message
    store_topic(topic_name, first_user_node_id, None, 'initial')
    ~~~~~~~~~~~^^^^^^^^^^^^^^^^^^^^^^^^^^^^^^^^^^^^^^^^^^^^^^^^^
  File "/Users/mhcoen/proj/episodic/episodic/db.py", line 745, in store_topic
    c.execute("""
    ~~~~~~~~~^^^^
        INSERT INTO topics (name, start_node_id, end_node_id, confidence)
        ^^^^^^^^^^^^^^^^^^^^^^^^^^^^^^^^^^^^^^^^^^^^^^^^^^^^^^^^^^^^^^^^^
        VALUES (?, ?, ?, ?)
        ^^^^^^^^^^^^^^^^^^^
    """, (name, start_node_id, end_node_id, confidence))
    ^^^^^^^^^^^^^^^^^^^^^^^^^^^^^^^^^^^^^^^^^^^^^^^^^^^^
sqlite3.IntegrityError: NOT NULL constraint failed: topics.end_node_id

[21] > /topics
No topics found yet. Topics are created as conversations progress.

──────────────────────────────────────────────────
✅ Script execution completed
[Benchmark] Script execution: scripts/test-topic-boundaries-brief.txt: 13.64s
  - Database: 0.04s (36 calls)
  - LLM Call: 13.54s (21 calls)
> /exit       > /exit
Goodbye! 👋
